// Jest Snapshot v1, https://goo.gl/fbAQLP

exports[`Dashboard --- Snapshot Rednders the Dashboard Component 1`] = `
<div
  className="App"
>
  <header
    className="App-header"
  >
    <a
      href="/todos"
      onClick={[Function]}
    >
      Go to Todos!
    </a>
  </header>
</div>
`;
